  API ERROR for 0x742d35Cc6634C0532925a3b844Bc454e4438f44e: {'status': '0', 'message': 'NOTOK', 'result': 'You are using a deprecated V1 endpoint, switch to Etherscan API V2 using https://docs.etherscan.io/v2-migration'}
API test result: []
Phase A: Crawling mixer seed addresses...
  tornado_cash: 0x47CE0C6eD5B0Ce3d3A51fdb1C52DC66a7c3c2936
  API ERROR for 0x47CE0C6eD5B0Ce3d3A51fdb1C52DC66a7c3c2936: {'status': '0', 'message': 'NOTOK', 'result': 'You are using a deprecated V1 endpoint, switch to Etherscan API V2 using https://docs.etherscan.io/v2-migration'}
    → 0 mixer users found so far
  blender_io: 0xA160cdAB225685dA1d56aa342Ad8841c3b53f291
  API ERROR for 0xA160cdAB225685dA1d56aa342Ad8841c3b53f291: {'status': '0', 'message': 'NOTOK', 'result': 'You are using a deprecated V1 endpoint, switch to Etherscan API V2 using https://docs.etherscan.io/v2-migration'}
    → 0 mixer users found so far

Total mixer users found: 0

Phase B: Crawling mixer user histories...

Phase C: Crawling legitimate DeFi users...
  API ERROR for 0x68b3465833fb72A70ecDF485E0e4C7bD8665Fc45: {'status': '0', 'message': 'NOTOK', 'result': 'You are using a deprecated V1 endpoint, switch to Etherscan API V2 using https://docs.etherscan.io/v2-migration'}
  uniswap_v3: found 0 users
  API ERROR for 0x7a250d5630B4cF539739dF2C5dAcb4c659F2488D: {'status': '0', 'message': 'NOTOK', 'result': 'You are using a deprecated V1 endpoint, switch to Etherscan API V2 using https://docs.etherscan.io/v2-migration'}
  uniswap_v2: found 0 users
RangeIndex(start=0, stop=0, step=1)
Traceback (most recent call last):
  File "/Users/chidera/Projects/Sentinel/scripts/crawl_etherscan.py", line 146, in <module>
    df = df[df["amount_usd"] > 0]   # remove failed/zero-value txns
            ~~^^^^^^^^^^^^^^
  File "/Users/chidera/miniconda3/envs/sentinel/lib/python3.14/site-packages/pandas/core/frame.py", line 4113, in __getitem__
    indexer = self.columns.get_loc(key)
  File "/Users/chidera/miniconda3/envs/sentinel/lib/python3.14/site-packages/pandas/core/indexes/range.py", line 417, in get_loc
    raise KeyError(key)
KeyError: 'amount_usd'
